Testing regex patterns...
==================================================
Traceback (most recent call last):
  File "C:\Users\admin\Desktop\mini project\web\planwizz\test_parser.py", line 30, in <module>
    print(f"\u2713 DAY matched: '{line}' -> day='{day_match.group(1)}'")
  File "C:\Users\admin\AppData\Local\Programs\Python\Python311\Lib\encodings\cp1252.py", line 19, in encode
    return codecs.charmap_encode(input,self.errors,encoding_table)[0]
           ^^^^^^^^^^^^^^^^^^^^^^^^^^^^^^^^^^^^^^^^^^^^^^^^^^^^^^^
UnicodeEncodeError: 'charmap' codec can't encode character '\u2713' in position 0: character maps to <undefined>
